// Jest Snapshot v1, https://goo.gl/fbAQLP

exports[`<GenericBannerTile /> renders correctly and matches snapshot 1`] = `
<div
  className="flex bg-container_grey rounded-2xl p-1 flex-col false"
  id="generic-banner-tile"
>
  <div
    className="flex flex-col rounded-2xl bg-cover bg-no-repeat bg-center desktop:min-h-[320px] tablet:min-h-[280px] mobile:min-h-[240px]"
    style={
      {
        "backgroundImage": "url(https://example.com/background-image.png)",
      }
    }
  >
    <div
      className="mt-32 p-10 tablet:mt-16 mobile:mt-9 mobile:p-4"
    >
      <p
        className="text-[45px] font-medium tablet:leading-[67.5px] desktop:leading-[67.5px] mobile:text-xl mobile:leading-[30px]"
      >
        Banner title
      </p>
      <p
        className="font-medium desktop:text-[22px] tablet:text-[22px] tablet:leading-[33px] desktop:leading-[33px] mobile:text-sm"
      >
        Banner subtitle
      </p>
      <button
        className="mt-10 mobile:mt-4"
        onClick={[Function]}
        type="button"
      >
        <p
          className="font-medium bg-container_grey rounded-md py-3 px-5 mobile:text-sm mobile:py-2 mobile:px-4"
        >
          This is the button text
        </p>
      </button>
    </div>
  </div>
</div>
`;
