// Jest Snapshot v1, https://goo.gl/fbAQLP

exports[`<DisplayCollectionImage /> renders correctly and matches snapshot with image 1`] = `
<img
  alt="nft-image"
  className="test-class undefined"
  data-testid="display-collection-image"
  id="pillarx-feed-display-collection-image"
  onClick={[Function]}
  src="test-image.png"
/>
`;

exports[`<DisplayCollectionImage /> renders correctly and matches snapshot without image 1`] = `
<div
  className="overflow-hidden test-class undefined"
  data-testid="display-collection-image"
  id="pillarx-feed-display-collection-avatar"
  onClick={[Function]}
>
  <svg
    className="rounded-md"
    data-testid="random-avatar"
    fill="none"
    role="img"
    viewBox="0 0 80 80"
    xmlns="http://www.w3.org/2000/svg"
  >
    <mask
      height={80}
      id=":r0:"
      mask-type="alpha"
      maskUnits="userSpaceOnUse"
      width={80}
      x={0}
      y={0}
    >
      <rect
        fill="#FFFFFF"
        height={80}
        width={80}
      />
    </mask>
    <g
      mask="url(#:r0:)"
    >
      <path
        d="M0 0h80v40H0z"
        fill="url(#gradient_paint0_linear_image-name)"
      />
      <path
        d="M0 40h80v40H0z"
        fill="url(#gradient_paint1_linear_image-name)"
      />
    </g>
    <defs>
      <linearGradient
        gradientUnits="userSpaceOnUse"
        id="gradient_paint0_linear_image-name"
        x1={40}
        x2={40}
        y1={0}
        y2={40}
      >
        <stop
          stopColor="#F0AB3D"
        />
        <stop
          offset={1}
          stopColor="#C271B4"
        />
      </linearGradient>
      <linearGradient
        gradientUnits="userSpaceOnUse"
        id="gradient_paint1_linear_image-name"
        x1={40}
        x2={40}
        y1={40}
        y2={80}
      >
        <stop
          stopColor="#C20D90"
        />
        <stop
          offset={1}
          stopColor="#92A1C6"
        />
      </linearGradient>
    </defs>
  </svg>
</div>
`;
