// Jest Snapshot v1, https://goo.gl/fbAQLP

exports[`<PortfolioOverview /> displays loading skeleton when data is loading 1`] = `
.c0 {
  height: 40px;
  width: 200px;
  animation: hLhBjP 1s linear infinite alternate;
  border-radius: 10px;
  margin-bottom: 54px;
}

.c1 {
  height: 77px;
  width: 180px;
  animation: hLhBjP 1s linear infinite alternate;
  border-radius: 10px;
  margin-bottom: 0;
}

.c2 {
  height: 36px;
  width: 150px;
  animation: hLhBjP 1s linear infinite alternate;
  border-radius: 10px;
  margin-bottom: 0;
}

.c3 {
  height: 36px;
  width: 190px;
  animation: hLhBjP 1s linear infinite alternate;
  border-radius: 10px;
  margin-bottom: 0;
}

.c4 {
  height: 36px;
  width: 80px;
  animation: hLhBjP 1s linear infinite alternate;
  border-radius: 10px;
  margin-bottom: 0;
}

<div
  className="flex bg-container_grey rounded-2xl p-10 gap-20 tablet:p-5 mobile:p-0 mobile:bg-[#1F1D23] mobile:flex-col mobile:gap-4"
  id="wallet-portfolio-tile-loader"
>
  <div
    className="flex flex-col justify-between"
  >
    <div
      className="c0 mobile:hidden"
    />
    <div
      className="mobile:border mobile:border-medium_grey mobile:rounded-[10px] mobile:p-4 mobile:w-full"
    >
      <div
        className="c1"
      />
    </div>
  </div>
  <div
    className="flex w-full flex-col items-end justify-end mobile:justify-normal gap-5"
  >
    <div
      className="flex w-full gap-4 justify-end mobile:flex-row tablet:flex-col tablet:items-end mobile:flex-row mobile:justify-between mobile:items-start"
    >
      <div
        className="c2"
      />
      <div
        className="c3"
      />
    </div>
    <div
      className="c4"
    />
  </div>
</div>
`;

exports[`<PortfolioOverview /> renders correctly and matches snapshot 1`] = `
.c0 {
  height: 40px;
  width: 200px;
  animation: hLhBjP 1s linear infinite alternate;
  border-radius: 10px;
  margin-bottom: 54px;
}

.c1 {
  height: 77px;
  width: 180px;
  animation: hLhBjP 1s linear infinite alternate;
  border-radius: 10px;
  margin-bottom: 0;
}

.c2 {
  height: 36px;
  width: 150px;
  animation: hLhBjP 1s linear infinite alternate;
  border-radius: 10px;
  margin-bottom: 0;
}

.c3 {
  height: 36px;
  width: 190px;
  animation: hLhBjP 1s linear infinite alternate;
  border-radius: 10px;
  margin-bottom: 0;
}

.c4 {
  height: 36px;
  width: 80px;
  animation: hLhBjP 1s linear infinite alternate;
  border-radius: 10px;
  margin-bottom: 0;
}

<div
  className="flex bg-container_grey rounded-2xl p-10 gap-20 tablet:p-5 mobile:p-0 mobile:bg-[#1F1D23] mobile:flex-col mobile:gap-4"
  id="wallet-portfolio-tile-loader"
>
  <div
    className="flex flex-col justify-between"
  >
    <div
      className="c0 mobile:hidden"
    />
    <div
      className="mobile:border mobile:border-medium_grey mobile:rounded-[10px] mobile:p-4 mobile:w-full"
    >
      <div
        className="c1"
      />
    </div>
  </div>
  <div
    className="flex w-full flex-col items-end justify-end mobile:justify-normal gap-5"
  >
    <div
      className="flex w-full gap-4 justify-end mobile:flex-row tablet:flex-col tablet:items-end mobile:flex-row mobile:justify-between mobile:items-start"
    >
      <div
        className="c2"
      />
      <div
        className="c3"
      />
    </div>
    <div
      className="c4"
    />
  </div>
</div>
`;
