// Vitest Snapshot v1, https://vitest.dev/guide/snapshot.html

exports[`<Main /> > renders correctly 1`] = `
<div>
  <header
    className="header "
    id="header"
  >
    <div
      className="container"
    >
      <a
        className="header__logo"
        href="/"
        onClick={[Function]}
      >
        <img
          alt="pillar-x-logo"
          src="https://cdn.pillarx.app/pillarXLogo.png"
        />
      </a>
      <nav
        className="header__menu"
      >
        <ul
          id="menu"
          onClick={[Function]}
        >
          <li>
            <a
              aria-current="page"
              className="active"
              href="/#superpowers"
              onClick={[Function]}
            >
              Superpowers
            </a>
          </li>
          <li>
            <a
              aria-current="page"
              className="active--no-style active"
              href="/#about"
              onClick={[Function]}
            >
              About
            </a>
          </li>
          <li>
            <a
              href="https://blog.pillarx.app/"
            >
              Blog
            </a>
          </li>
          <li>
            <a>
              Cooperation
            </a>
            <ul>
              <li>
                <a
                  className=""
                  href="/developers"
                  onClick={[Function]}
                >
                  For dApp
                </a>
              </li>
              <li>
                <a
                  className=""
                  href="/advertising"
                  onClick={[Function]}
                >
                  Advertising
                </a>
              </li>
            </ul>
          </li>
        </ul>
        <a
          className="header__login cta plausible-event-name=Login+Nav"
          href="/login"
          onClick={[Function]}
        >
          <span>
            Log in
          </span>
        </a>
      </nav>
      <div
        className="header__mobile_menu"
        onClick={[Function]}
      >
        <div
          className="bar1"
        />
        <div
          className="bar2"
        />
        <div
          className="bar3"
        />
      </div>
    </div>
  </header>
  <section
    className="home_hero"
  >
    <div
      className="container"
    >
      <div
        className="home_hero__wrapper"
      >
        <div
          className="home_hero__content"
        >
          <h1>
            PillarX: Smart Choice for Web3 Traders & Users
          </h1>
          <p>
            Get token insights, manage crypto assets seamlessly across EVM chains, and access secure DeFi — all in one app.
          </p>
          <a
            className="cta home_hero__cta plausible-event-name=Home+Get+Started"
            href="/login"
            onClick={[Function]}
          >
            <span>
              Get started
            </span>
          </a>
        </div>
        <div
          className="home_hero__image"
        >
          <img
            alt=""
            src="https://cdn.pillarx.app/home-hero.webp"
          />
        </div>
      </div>
    </div>
  </section>
  <section
    className="home_feature scroll_margin"
    id="superpowers"
  >
    <div
      className="container"
    >
      <div
        className="home_feature__wrapper"
      >
        <div
          className="home_feature__detail home_feature__detail--reverse"
        >
          <div
            className="home_feature__detail__image home_feature__detail__image--large gradient_border"
          >
            <video
              autoPlay={true}
              loop={true}
              muted={true}
              playsInline={true}
              poster="https://cdn.pillarx.app/home-superpowers-1.webp"
              preload="none"
              width="100%"
            >
              <source
                src="https://cdn.pillarx.app/home-superpowers-1.mp4"
                type="video/mp4"
              />
            </video>
          </div>
          <div
            className="home_feature__detail__content gradient_border"
          >
            <h4>
              Superpowers
            </h4>
            <h2>
              Token Tiles
              <br />
              <span>
                Stay Ahead of the Curve
              </span>
            </h2>
            <p>
              See the hottest tokens from each chain at a glance. With Token Tiles, PillarX brings trending and newly created assets directly to your home screen. No need to dig through endless tabs — just pure alpha, instantly accessible.
            </p>
          </div>
        </div>
        <div
          className="home_feature__detail"
        >
          <div
            className="home_feature__detail__image gradient_border"
          >
            <video
              autoPlay={true}
              loop={true}
              muted={true}
              playsInline={true}
              poster="https://cdn.pillarx.app/home-superpowers-2.webp"
              preload="none"
              width="100%"
            >
              <source
                src="https://cdn.pillarx.app/home-superpowers-2.mp4"
                type="video/mp4"
              />
            </video>
          </div>
          <div
            className="home_feature__detail__content gradient_border"
          >
            <h2>
              Token Atlas
              <br />
              <span>
                Everything You 
                <br />
                Need in One View
              </span>
            </h2>
            <p>
              Live prices, charts, stats, token audit links, and a one-tap buy button. Token Atlas delivers all the essential token information in one seamless experience. No more switching apps or dealing with friction.
            </p>
          </div>
        </div>
        <div
          className="home_feature__detail home_feature__detail--reverse"
        >
          <div
            className="home_feature__detail__image gradient_border"
          >
            <video
              autoPlay={true}
              loop={true}
              muted={true}
              playsInline={true}
              poster="https://cdn.pillarx.app/home-superpowers-3.webp"
              preload="none"
              width="100%"
            >
              <source
                src="https://cdn.pillarx.app/home-superpowers-3.mp4"
                type="video/mp4"
              />
            </video>
          </div>
          <div
            className="home_feature__detail__content gradient_border"
          >
            <h2>
              Instant Swaps
              <br />
              <span>
                Trade Tokens in
                <br />
                 Seconds
              </span>
            </h2>
            <p>
              Swap tokens across chains with PillarX’s streamlined
              <br />
               flow. Seamless, lightning-fast, and optimized to save you
              <br />
               time and gas.
            </p>
          </div>
        </div>
        <div
          className="home_feature__detail"
        >
          <div
            className="home_feature__detail__content home_feature__detail__content--column gradient_border"
          >
            <h2>
              PX Universal Gas Tank
              <br />
              <span>
                Gas Payments Made Easy
              </span>
            </h2>
            <p>
              Top up your gas tank with a variety of tokens and pay gas fees across multiple blockchains effortlessly and securely. Always be prepared without worrying about which token to use for each transaction.
            </p>
            <div
              className="home_feature__detail__content__icon"
            >
              <div
                className="home_feature__detail__content__icon__wrapper"
              >
                <img
                  alt=""
                  src="https://cdn.pillarx.app/home-superpowers-icon-1.svg"
                />
              </div>
            </div>
          </div>
          <div
            className="home_feature__detail__content home_feature__detail__content--column gradient_border"
          >
            <h2>
              Web3 App Store
              <br />
              <span>
                Access dApps Without
                <br />
                 Leaving PillarX
              </span>
            </h2>
            <p>
              All your favorite dApps are built directly into PillarX, meaning you don’t have to leave the platform to connect to any of them! Safe, secure, and under your control.
            </p>
            <div
              className="home_feature__detail__content__icon"
            >
              <h4>
                Coming Soon
              </h4>
              <div
                className="home_feature__detail__content__icon__wrapper"
              >
                <img
                  alt=""
                  src="https://cdn.pillarx.app/home-superpowers-icon-2.svg"
                />
              </div>
            </div>
          </div>
        </div>
      </div>
    </div>
  </section>
  <section
    className="home_app"
  >
    <div
      className="container"
    >
      <div
        className="home_app__wrapper"
      >
        <div
          className="home_app__subscribe"
        >
          <h2>
            More Exciting Features
            <br />
             Coming Soon!
          </h2>
          <p>
            Be the first to know about new features, smart token insights, and exclusive announcements!
          </p>
          <div
            className="mailchimp_form"
          >
            <form
              onSubmit={[Function]}
            >
              <label
                htmlFor="EMAIL"
              >
                Email address
              </label>
              <input
                id="EMAIL"
                onChange={[Function]}
                placeholder="Enter your email"
                required={true}
                type="email"
                value=""
              />
              <button
                className="cta mailchimp_form__cta"
                type="submit"
              >
                <span>
                  Subscribe
                </span>
              </button>
            </form>
            <p
              className="mailchimp_form__message"
            />
          </div>
        </div>
        <div
          className="home_app__download gradient_border"
        >
          <div
            className="home_app__download__copy"
          >
            <h3>
              Get started with
            </h3>
            <img
              alt="PillarX logo"
              src="https://cdn.pillarx.app/pillarXLogo.png"
            />
            <h3>
              on any device
            </h3>
          </div>
          <div
            className="home_app__download__cta"
          >
            <a
              className="plausible-event-name=Download+App+Store"
              href="https://www.apple.com/app-store/"
              rel="noreferrer"
              target="_blank"
            >
              <img
                alt="app-store-logo"
                src="https://cdn.pillarx.app/app-store.svg"
              />
            </a>
            <a
              className="plausible-event-name=Download+Google+Play"
              href="https://play.google.com/store/apps/"
              rel="noreferrer"
              target="_blank"
            >
              <img
                alt="google-play-logo"
                src="https://cdn.pillarx.app/google-play.svg"
              />
            </a>
            <a
              className="plausible-event-name=Download+Web"
              href="/login"
              onClick={[Function]}
            >
              <img
                alt="web-icon"
                src="https://cdn.pillarx.app/web.svg"
              />
            </a>
          </div>
        </div>
      </div>
    </div>
  </section>
  <section
    className="home_about scroll_margin"
    id="about"
  >
    <div
      className="container"
    >
      <div
        className="home_about__wrapper"
      >
        <h2>
          The Story Behind PillarX
        </h2>
        <p>
          PillarX began with
           
          <a
            href="https://pillar.fi/?utm_source=pillarx.app&utm_medium=website&utm_campaign=home_page"
            rel="noreferrer"
            target="_blank"
          >
            Pillar Wallet
          </a>
           
          in 2017, one of the first EVM-compatible wallets. The team quickly identified the usability challenges faced by EOAs, leading to the introduction of Smart Accounts. This evolved into a smart contract wallet, unlocking advanced features and setting the stage for innovative use cases that would define the future of Web3, even before Layer 1s and Layer 2s became mainstream. 
          <br />
          <br />
          But the team didn’t stop there. The goal was to make the Web3 experience even better and more accessible. Enter PillarX, a complete upgrade to the Pillar Wallet, designed to empower users with a seamless, intuitive, and cutting-edge platform for all things Web3.
        </p>
      </div>
    </div>
  </section>
  <footer
    className="footer"
  >
    <div
      className="container"
    >
      <div
        className="footer__wrapper"
      >
        <div
          className="footer__links"
        >
          <a
            href="/privacy-policy"
            onClick={[Function]}
          >
            Privacy Policy
          </a>
        </div>
        <div
          className="footer__socials"
        >
          <a
            href="https://x.com/PX_Web3"
            rel="noreferrer"
            target="_blank"
          >
            <img
              alt="x-image"
              src="https://cdn.pillarx.app/social-x.svg"
            />
          </a>
          <a
            href="https://t.me/+WmZpena91_dlNDhk"
            rel="noreferrer"
            target="_blank"
          >
            <img
              alt="home-image"
              src="https://cdn.pillarx.app/social-telegram.svg"
            />
          </a>
          <a
            href="https://chat.pillar.fi/"
            rel="noreferrer"
            target="_blank"
          >
            <img
              alt="discord-image"
              src="https://cdn.pillarx.app/social-discord.svg"
            />
          </a>
        </div>
      </div>
    </div>
  </footer>
</div>
`;
