// Vitest Snapshot v1, https://vitest.dev/guide/snapshot.html

exports[`<PointsInfo /> > renders correctly and matches snapshot 1`] = `
{
  "asFragment": [Function],
  "baseElement": <body>
    <div>
      <div
        class="flex gap-4 p-3 items-center"
      >
        <img
          alt="My PX Points"
          class="flex w-[52px] h-[52px] items-center justify-center p-3 rounded-md bg-container_grey"
          src="https://example.com/icon.png"
        />
        <div
          class="flex flex-col"
        >
          <div
            class="desktop:text-[22px] tablet:text-lg mobile:text-lg text-white"
          >
            <span
              class="desktop:text-base tablet:text-sm mobile:text-sm"
            >
              #
               
            </span>
            500
            <span
              class="desktop:text-base tablet:text-sm mobile:text-sm"
            >
               
              PX
            </span>
          </div>
          <p
            class="text-base font-medium desktop:text-base tablet:text-sm mobile:text-sm"
          >
            My PX Points
          </p>
        </div>
      </div>
    </div>
  </body>,
  "container": <div>
    <div
      class="flex gap-4 p-3 items-center"
    >
      <img
        alt="My PX Points"
        class="flex w-[52px] h-[52px] items-center justify-center p-3 rounded-md bg-container_grey"
        src="https://example.com/icon.png"
      />
      <div
        class="flex flex-col"
      >
        <div
          class="desktop:text-[22px] tablet:text-lg mobile:text-lg text-white"
        >
          <span
            class="desktop:text-base tablet:text-sm mobile:text-sm"
          >
            #
             
          </span>
          500
          <span
            class="desktop:text-base tablet:text-sm mobile:text-sm"
          >
             
            PX
          </span>
        </div>
        <p
          class="text-base font-medium desktop:text-base tablet:text-sm mobile:text-sm"
        >
          My PX Points
        </p>
      </div>
    </div>
  </div>,
  "debug": [Function],
  "findAllByAltText": [Function],
  "findAllByDisplayValue": [Function],
  "findAllByLabelText": [Function],
  "findAllByPlaceholderText": [Function],
  "findAllByRole": [Function],
  "findAllByTestId": [Function],
  "findAllByText": [Function],
  "findAllByTitle": [Function],
  "findByAltText": [Function],
  "findByDisplayValue": [Function],
  "findByLabelText": [Function],
  "findByPlaceholderText": [Function],
  "findByRole": [Function],
  "findByTestId": [Function],
  "findByText": [Function],
  "findByTitle": [Function],
  "getAllByAltText": [Function],
  "getAllByDisplayValue": [Function],
  "getAllByLabelText": [Function],
  "getAllByPlaceholderText": [Function],
  "getAllByRole": [Function],
  "getAllByTestId": [Function],
  "getAllByText": [Function],
  "getAllByTitle": [Function],
  "getByAltText": [Function],
  "getByDisplayValue": [Function],
  "getByLabelText": [Function],
  "getByPlaceholderText": [Function],
  "getByRole": [Function],
  "getByTestId": [Function],
  "getByText": [Function],
  "getByTitle": [Function],
  "queryAllByAltText": [Function],
  "queryAllByDisplayValue": [Function],
  "queryAllByLabelText": [Function],
  "queryAllByPlaceholderText": [Function],
  "queryAllByRole": [Function],
  "queryAllByTestId": [Function],
  "queryAllByText": [Function],
  "queryAllByTitle": [Function],
  "queryByAltText": [Function],
  "queryByDisplayValue": [Function],
  "queryByLabelText": [Function],
  "queryByPlaceholderText": [Function],
  "queryByRole": [Function],
  "queryByTestId": [Function],
  "queryByText": [Function],
  "queryByTitle": [Function],
  "rerender": [Function],
  "unmount": [Function],
}
`;
