// Vitest Snapshot v1, https://vitest.dev/guide/snapshot.html

exports[`<TokenInfoHorizontal /> > renders correctly and matches snapshot 1`] = `
<div
  className="flex flex-col py-5 px-[22px] gap-1 w-[122px] h-auto items-center cursor-pointer tablet:w-[120px] mobile:w-[100px] mobile:px-3.5"
>
  <div
    className="relative w-[70px] h-[70px] rounded-full mb-3.5"
  >
    <img
      alt="token-logo"
      className="w-full h-full object-fill rounded-full"
      data-testid="token-info-horizontal-logo"
      onError={[Function]}
      src="https://example.com/logo.png"
    />
  </div>
  <p
    className="text-base font-medium text-center"
  >
    Token Name
  </p>
  <p
    className="text-sm font-medium text-center"
  >
    $
    1000.0000
  </p>
  <div
    className="flex gap-1 items-center"
  >
    <img
      alt="percentage-up"
      className="w-[10px] h[9px]"
      src="data:image/svg+xml,%3csvg%20width='10'%20height='10'%20viewBox='0%200%2010%2010'%20fill='none'%20xmlns='http://www.w3.org/2000/svg'%3e%3cpath%20d='M4.03034%201.08115C4.4613%200.334701%205.5387%200.334701%205.96967%201.08115L9.84832%207.79918C10.2793%208.54563%209.74058%209.47869%208.87866%209.47869L5%209.47869L1.12134%209.47869C0.259418%209.47869%20-0.279283%208.54563%200.151678%207.79918L4.03034%201.08115Z'%20fill='%2305FFDD'/%3e%3c/svg%3e"
    />
    <p
      className="text-sm font-medium text-percentage_green"
    >
      5.45
      %
    </p>
  </div>
</div>
`;
