// Jest Snapshot v1, https://goo.gl/fbAQLP

exports[`<Button /> renders correctly 1`] = `
[
  .c0 {
  font-size: 18px;
  font-weight: 700;
  padding: 15px 45px;
  border: none;
  border-radius: 100px;
  background: #D9D9D9;
  color: #1D1D1D;
  cursor: pointer;
  transition: all 0.2s ease-in-out;
  margin-bottom: 15px;
}

.c0:hover {
  opacity: 0.7;
}

.c0:active {
  opacity: 0.4;
}

.c0:focus {
  outline: none;
}

<button
    className="c0"
  >
    Some regular text.
  </button>,
  .c0 {
  font-size: 18px;
  font-weight: 700;
  padding: 15px 45px;
  border: none;
  border-radius: 100px;
  background: #D9D9D9;
  color: #1D1D1D;
  cursor: pointer;
  transition: all 0.2s ease-in-out;
  margin-bottom: 15px;
  width: 100%;
}

.c0:hover {
  opacity: 0.7;
}

.c0:active {
  opacity: 0.4;
}

.c0:focus {
  outline: none;
}

<button
    className="c0"
  >
    full width button
  </button>,
]
`;
