// Jest Snapshot v1, https://goo.gl/fbAQLP

exports[`<TokenInfoColumn /> renders correctly and matches snapshot 1`] = `
<div
  className="flex flex-col gap-10 undefined"
  id="token-atlas-token-info-column"
>
  <div
    className="flex flex-col gap-2"
  >
    <p
      className="text-[13px] font-semibold undefined"
    >
      Blockchains
    </p>
    <div
      className="w-full h-fit flex flex-wrap gap-2"
      id="token-atlas-info-column-blockchain-list"
    >
      <a
        rel="noopener noreferrer"
        target="_blank"
      >
        <div
          className="flex rounded-[50px] bg-medium_grey p-1 pr-3 items-center h-8 max-w-[150px] undefined"
          id="token-atlas-chain-card"
        >
          <div
            className="w-[24px] h-[24px] object-fill rounded-full mr-2 overflow-hidden"
          >
            <svg
              className="rounded-md"
              data-testid="random-avatar"
              fill="none"
              role="img"
              viewBox="0 0 80 80"
              xmlns="http://www.w3.org/2000/svg"
            >
              <mask
                height={80}
                id=":r0:"
                maskUnits="userSpaceOnUse"
                width={80}
                x={0}
                y={0}
              >
                <rect
                  fill="#FFFFFF"
                  height={80}
                  width={80}
                />
              </mask>
              <g
                mask="url(#:r0:)"
              >
                <rect
                  fill="#146A7C"
                  height={80}
                  width={80}
                />
                <path
                  d="M32.414 59.35L50.376 70.5H72.5v-71H33.728L26.5 13.381l19.057 27.08L32.414 59.35z"
                  fill="#F0AB3D"
                  filter="url(#filter_:r0:)"
                  transform="translate(-2 2) rotate(-322 40 40) scale(1.5)"
                />
                <path
                  d="M22.216 24L0 46.75l14.108 38.129L78 86l-3.081-59.276-22.378 4.005 12.972 20.186-23.35 27.395L22.215 24z"
                  fill="#C271B4"
                  filter="url(#filter_:r0:)"
                  style={
                    {
                      "mixBlendMode": "overlay",
                    }
                  }
                  transform="translate(-3 -3) rotate(-123 40 40) scale(1.5)"
                />
              </g>
              <defs>
                <filter
                  colorInterpolationFilters="sRGB"
                  filterUnits="userSpaceOnUse"
                  id="filter_:r0:"
                >
                  <feFlood
                    floodOpacity={0}
                    result="BackgroundImageFix"
                  />
                  <feBlend
                    in="SourceGraphic"
                    in2="BackgroundImageFix"
                    result="shape"
                  />
                  <feGaussianBlur
                    result="effect1_foregroundBlur"
                    stdDeviation={7}
                  />
                </filter>
              </defs>
            </svg>
          </div>
          <p
            className="text-[13px] font-semibold truncate capitalize"
          >
            Ethereum
          </p>
        </div>
      </a>
      <a
        rel="noopener noreferrer"
        target="_blank"
      >
        <div
          className="flex rounded-[50px] bg-medium_grey p-1 pr-3 items-center h-8 max-w-[150px] undefined"
          id="token-atlas-chain-card"
        >
          <div
            className="w-[24px] h-[24px] object-fill rounded-full mr-2 overflow-hidden"
          >
            <svg
              className="rounded-md"
              data-testid="random-avatar"
              fill="none"
              role="img"
              viewBox="0 0 80 80"
              xmlns="http://www.w3.org/2000/svg"
            >
              <mask
                height={80}
                id=":r1:"
                maskUnits="userSpaceOnUse"
                width={80}
                x={0}
                y={0}
              >
                <rect
                  fill="#FFFFFF"
                  height={80}
                  width={80}
                />
              </mask>
              <g
                mask="url(#:r1:)"
              >
                <rect
                  fill="#C271B4"
                  height={80}
                  width={80}
                />
                <path
                  d="M32.414 59.35L50.376 70.5H72.5v-71H33.728L26.5 13.381l19.057 27.08L32.414 59.35z"
                  fill="#C20D90"
                  filter="url(#filter_:r1:)"
                  transform="translate(0 0) rotate(16 40 40) scale(1.2)"
                />
                <path
                  d="M22.216 24L0 46.75l14.108 38.129L78 86l-3.081-59.276-22.378 4.005 12.972 20.186-23.35 27.395L22.215 24z"
                  fill="#92A1C6"
                  filter="url(#filter_:r1:)"
                  style={
                    {
                      "mixBlendMode": "overlay",
                    }
                  }
                  transform="translate(0 0) rotate(-24 40 40) scale(1.2)"
                />
              </g>
              <defs>
                <filter
                  colorInterpolationFilters="sRGB"
                  filterUnits="userSpaceOnUse"
                  id="filter_:r1:"
                >
                  <feFlood
                    floodOpacity={0}
                    result="BackgroundImageFix"
                  />
                  <feBlend
                    in="SourceGraphic"
                    in2="BackgroundImageFix"
                    result="shape"
                  />
                  <feGaussianBlur
                    result="effect1_foregroundBlur"
                    stdDeviation={7}
                  />
                </filter>
              </defs>
            </svg>
          </div>
          <p
            className="text-[13px] font-semibold truncate capitalize"
          >
            Binance Smart Chain
          </p>
        </div>
      </a>
      <a
        rel="noopener noreferrer"
        target="_blank"
      >
        <div
          className="flex rounded-[50px] bg-medium_grey p-1 pr-3 items-center h-8 max-w-[150px] undefined"
          id="token-atlas-chain-card"
        >
          <div
            className="w-[24px] h-[24px] object-fill rounded-full mr-2 overflow-hidden"
          >
            <svg
              className="rounded-md"
              data-testid="random-avatar"
              fill="none"
              role="img"
              viewBox="0 0 80 80"
              xmlns="http://www.w3.org/2000/svg"
            >
              <mask
                height={80}
                id=":r2:"
                maskUnits="userSpaceOnUse"
                width={80}
                x={0}
                y={0}
              >
                <rect
                  fill="#FFFFFF"
                  height={80}
                  width={80}
                />
              </mask>
              <g
                mask="url(#:r2:)"
              >
                <rect
                  fill="#F0AB3D"
                  height={80}
                  width={80}
                />
                <path
                  d="M32.414 59.35L50.376 70.5H72.5v-71H33.728L26.5 13.381l19.057 27.08L32.414 59.35z"
                  fill="#C271B4"
                  filter="url(#filter_:r2:)"
                  transform="translate(-4 -4) rotate(-284 40 40) scale(1.4)"
                />
                <path
                  d="M22.216 24L0 46.75l14.108 38.129L78 86l-3.081-59.276-22.378 4.005 12.972 20.186-23.35 27.395L22.215 24z"
                  fill="#C20D90"
                  filter="url(#filter_:r2:)"
                  style={
                    {
                      "mixBlendMode": "overlay",
                    }
                  }
                  transform="translate(-6 6) rotate(-246 40 40) scale(1.4)"
                />
              </g>
              <defs>
                <filter
                  colorInterpolationFilters="sRGB"
                  filterUnits="userSpaceOnUse"
                  id="filter_:r2:"
                >
                  <feFlood
                    floodOpacity={0}
                    result="BackgroundImageFix"
                  />
                  <feBlend
                    in="SourceGraphic"
                    in2="BackgroundImageFix"
                    result="shape"
                  />
                  <feGaussianBlur
                    result="effect1_foregroundBlur"
                    stdDeviation={7}
                  />
                </filter>
              </defs>
            </svg>
          </div>
          <p
            className="text-[13px] font-semibold truncate capitalize"
          >
            Polygon
          </p>
        </div>
      </a>
      <div
        className="flex rounded-full bg-medium_grey p-2 items-center h-8 cursor-pointer"
        onClick={[Function]}
      >
        <p
          className="text-[13px] font-semibold undefined"
        >
          + 
          5
        </p>
      </div>
    </div>
  </div>
  <div
    className="flex flex-col gap-2"
    id="token-atlas-info-column-price-change-cards"
  >
    <p
      className="text-[13px] font-semibold undefined"
    >
      Price changes
    </p>
    <div
      className="flex flex-wrap gap-2"
    >
      <div
        className="flex flex-col bg-medium_grey rounded p-2 gap-1 w-[125px]"
        id="token-atlas-price-card"
      >
        <p
          className="text-[9px] font-semibold text-light_grey"
        >
          1H
        </p>
        <p
          className="text-[13px] font-semibold undefined"
        >
          0.1
          %
        </p>
      </div>
      <div
        className="flex flex-col bg-medium_grey rounded p-2 gap-1 w-[125px]"
        id="token-atlas-price-card"
      >
        <p
          className="text-[9px] font-semibold text-light_grey"
        >
          24H
        </p>
        <p
          className="text-[13px] font-semibold undefined"
        >
          0.44
          %
        </p>
      </div>
      <div
        className="flex flex-col bg-medium_grey rounded p-2 gap-1 w-[125px]"
        id="token-atlas-price-card"
      >
        <p
          className="text-[9px] font-semibold text-light_grey"
        >
          7D
        </p>
        <p
          className="text-[13px] font-semibold undefined"
        >
          1.8
          %
        </p>
      </div>
      <div
        className="flex flex-col bg-medium_grey rounded p-2 gap-1 w-[125px]"
        id="token-atlas-price-card"
      >
        <p
          className="text-[9px] font-semibold text-light_grey"
        >
          1M
        </p>
        <p
          className="text-[13px] font-semibold undefined"
        >
          3.3999999
          %
        </p>
      </div>
      <div
        className="flex flex-col bg-medium_grey rounded p-2 gap-1 w-[125px]"
        id="token-atlas-price-card"
      >
        <p
          className="text-[9px] font-semibold text-light_grey"
        >
          1Y
        </p>
        <p
          className="text-[13px] font-semibold undefined"
        >
          6.7
          %
        </p>
      </div>
    </div>
  </div>
  <div
    className="flex flex-col gap-2 mb-20"
    id="token-atlas-info-column-stats"
  >
    <p
      className="text-[13px] font-semibold undefined"
    >
      Stats
    </p>
    <div
      className="flex flex-col rounded px-4 bg-medium_grey"
    >
      <div
        className="flex justify-between border-b border-b-dark_grey py-3"
      >
        <p
          className="text-[13px] font-normal text-light_grey undefined"
        >
          All time high
        </p>
        <p
          className="text-[13px] font-semibold undefined"
        >
          146
        </p>
      </div>
      <div
        className="flex justify-between border-b border-b-dark_grey py-3"
      >
        <p
          className="text-[13px] font-normal text-light_grey undefined"
        >
          All time low
        </p>
        <p
          className="text-[13px] font-semibold undefined"
        >
          96
        </p>
      </div>
      <div
        className="flex justify-between border-b border-b-dark_grey py-3"
      >
        <p
          className="text-[13px] font-normal text-light_grey undefined"
        >
          Total supply
        </p>
        <p
          className="text-[13px] font-semibold undefined"
        >
          300
        </p>
      </div>
      <div
        className="flex justify-between border-b border-b-dark_grey py-3"
      >
        <p
          className="text-[13px] font-normal text-light_grey undefined"
        >
          Circulating supply
        </p>
        <p
          className="text-[13px] font-semibold undefined"
        >
          170
        </p>
      </div>
      <div
        className="flex justify-between border-b border-b-dark_grey py-3"
      >
        <p
          className="text-[13px] font-normal text-light_grey undefined"
        >
          Diluted market cap
        </p>
        <p
          className="text-[13px] font-semibold undefined"
        >
          100
        </p>
      </div>
    </div>
  </div>
</div>
`;
