// Jest Snapshot v1, https://goo.gl/fbAQLP

exports[`<TokenInfoColumn /> renders correctly and matches snapshot 1`] = `
<div
  className="flex flex-col gap-10 undefined"
  id="token-atlas-token-info-column"
>
  <div
    className="flex flex-col gap-2"
  >
    <p
      className="text-[13px] font-semibold undefined"
    >
      Blockchains
    </p>
    <div
      className="w-full h-fit flex flex-wrap gap-2"
      id="token-atlas-info-column-blockchain-list"
    >
      <a
        rel="noopener noreferrer"
        target="_blank"
      >
        <div
          className="flex rounded-[50px] bg-medium_grey p-1 pr-3 items-center h-8 max-w-[150px] undefined"
          id="token-atlas-chain-card"
        >
          <div
            className="w-[24px] h-[24px] object-fill rounded-full mr-2 overflow-hidden"
          >
            <svg
              className="rounded-md"
              data-testid="random-avatar"
              fill="none"
              role="img"
              viewBox="0 0 80 80"
              xmlns="http://www.w3.org/2000/svg"
            >
              <mask
                height={80}
                id=":r0:"
                maskUnits="userSpaceOnUse"
                width={80}
                x={0}
                y={0}
              >
                <rect
                  fill="#FFFFFF"
                  height={80}
                  width={80}
                />
              </mask>
              <g
                mask="url(#:r0:)"
              >
                <rect
                  fill="#C20D90"
                  height={80}
                  width={80}
                />
                <rect
                  fill="#92A1C6"
                  height={80}
                  transform="translate(-2 -2) rotate(108 40 40)"
                  width={80}
                  x={10}
                  y={30}
                />
                <circle
                  cx={40}
                  cy={40}
                  fill="#146A7C"
                  r={16}
                  transform="translate(-9 -9)"
                />
                <line
                  stroke="#F0AB3D"
                  strokeWidth={2}
                  transform="translate(16 -16) rotate(216 40 40)"
                  x1={0}
                  x2={80}
                  y1={40}
                  y2={40}
                />
              </g>
            </svg>
          </div>
          <p
            className="text-[13px] font-semibold truncate capitalize"
          >
            Ethereum
          </p>
        </div>
      </a>
      <a
        rel="noopener noreferrer"
        target="_blank"
      >
        <div
          className="flex rounded-[50px] bg-medium_grey p-1 pr-3 items-center h-8 max-w-[150px] undefined"
          id="token-atlas-chain-card"
        >
          <div
            className="w-[24px] h-[24px] object-fill rounded-full mr-2 overflow-hidden"
          >
            <svg
              className="rounded-md"
              data-testid="random-avatar"
              fill="none"
              role="img"
              viewBox="0 0 80 80"
              xmlns="http://www.w3.org/2000/svg"
            >
              <mask
                height={80}
                id=":r1:"
                mask-type="alpha"
                maskUnits="userSpaceOnUse"
                width={80}
                x={0}
                y={0}
              >
                <rect
                  fill="#FFFFFF"
                  height={80}
                  width={80}
                />
              </mask>
              <g
                mask="url(#:r1:)"
              >
                <rect
                  fill="#92A1C6"
                  height={10}
                  width={10}
                />
                <rect
                  fill="#92A1C6"
                  height={10}
                  width={10}
                  x={20}
                />
                <rect
                  fill="#92A1C6"
                  height={10}
                  width={10}
                  x={40}
                />
                <rect
                  fill="#F0AB3D"
                  height={10}
                  width={10}
                  x={60}
                />
                <rect
                  fill="#C20D90"
                  height={10}
                  width={10}
                  x={10}
                />
                <rect
                  fill="#92A1C6"
                  height={10}
                  width={10}
                  x={30}
                />
                <rect
                  fill="#C271B4"
                  height={10}
                  width={10}
                  x={50}
                />
                <rect
                  fill="#146A7C"
                  height={10}
                  width={10}
                  x={70}
                />
                <rect
                  fill="#92A1C6"
                  height={10}
                  width={10}
                  y={10}
                />
                <rect
                  fill="#C20D90"
                  height={10}
                  width={10}
                  y={20}
                />
                <rect
                  fill="#146A7C"
                  height={10}
                  width={10}
                  y={30}
                />
                <rect
                  fill="#146A7C"
                  height={10}
                  width={10}
                  y={40}
                />
                <rect
                  fill="#C271B4"
                  height={10}
                  width={10}
                  y={50}
                />
                <rect
                  fill="#92A1C6"
                  height={10}
                  width={10}
                  y={60}
                />
                <rect
                  fill="#C20D90"
                  height={10}
                  width={10}
                  y={70}
                />
                <rect
                  fill="#146A7C"
                  height={10}
                  width={10}
                  x={20}
                  y={10}
                />
                <rect
                  fill="#92A1C6"
                  height={10}
                  width={10}
                  x={20}
                  y={20}
                />
                <rect
                  fill="#92A1C6"
                  height={10}
                  width={10}
                  x={20}
                  y={30}
                />
                <rect
                  fill="#F0AB3D"
                  height={10}
                  width={10}
                  x={20}
                  y={40}
                />
                <rect
                  fill="#C20D90"
                  height={10}
                  width={10}
                  x={20}
                  y={50}
                />
                <rect
                  fill="#C271B4"
                  height={10}
                  width={10}
                  x={20}
                  y={60}
                />
                <rect
                  fill="#F0AB3D"
                  height={10}
                  width={10}
                  x={20}
                  y={70}
                />
                <rect
                  fill="#146A7C"
                  height={10}
                  width={10}
                  x={40}
                  y={10}
                />
                <rect
                  fill="#146A7C"
                  height={10}
                  width={10}
                  x={40}
                  y={20}
                />
                <rect
                  fill="#C20D90"
                  height={10}
                  width={10}
                  x={40}
                  y={30}
                />
                <rect
                  fill="#146A7C"
                  height={10}
                  width={10}
                  x={40}
                  y={40}
                />
                <rect
                  fill="#C271B4"
                  height={10}
                  width={10}
                  x={40}
                  y={50}
                />
                <rect
                  fill="#92A1C6"
                  height={10}
                  width={10}
                  x={40}
                  y={60}
                />
                <rect
                  fill="#C20D90"
                  height={10}
                  width={10}
                  x={40}
                  y={70}
                />
                <rect
                  fill="#C20D90"
                  height={10}
                  width={10}
                  x={60}
                  y={10}
                />
                <rect
                  fill="#92A1C6"
                  height={10}
                  width={10}
                  x={60}
                  y={20}
                />
                <rect
                  fill="#F0AB3D"
                  height={10}
                  width={10}
                  x={60}
                  y={30}
                />
                <rect
                  fill="#F0AB3D"
                  height={10}
                  width={10}
                  x={60}
                  y={40}
                />
                <rect
                  fill="#F0AB3D"
                  height={10}
                  width={10}
                  x={60}
                  y={50}
                />
                <rect
                  fill="#C20D90"
                  height={10}
                  width={10}
                  x={60}
                  y={60}
                />
                <rect
                  fill="#C271B4"
                  height={10}
                  width={10}
                  x={60}
                  y={70}
                />
                <rect
                  fill="#C20D90"
                  height={10}
                  width={10}
                  x={10}
                  y={10}
                />
                <rect
                  fill="#146A7C"
                  height={10}
                  width={10}
                  x={10}
                  y={20}
                />
                <rect
                  fill="#C271B4"
                  height={10}
                  width={10}
                  x={10}
                  y={30}
                />
                <rect
                  fill="#C20D90"
                  height={10}
                  width={10}
                  x={10}
                  y={40}
                />
                <rect
                  fill="#146A7C"
                  height={10}
                  width={10}
                  x={10}
                  y={50}
                />
                <rect
                  fill="#C20D90"
                  height={10}
                  width={10}
                  x={10}
                  y={60}
                />
                <rect
                  fill="#F0AB3D"
                  height={10}
                  width={10}
                  x={10}
                  y={70}
                />
                <rect
                  fill="#C20D90"
                  height={10}
                  width={10}
                  x={30}
                  y={10}
                />
                <rect
                  fill="#C20D90"
                  height={10}
                  width={10}
                  x={30}
                  y={20}
                />
                <rect
                  fill="#C20D90"
                  height={10}
                  width={10}
                  x={30}
                  y={30}
                />
                <rect
                  fill="#C271B4"
                  height={10}
                  width={10}
                  x={30}
                  y={40}
                />
                <rect
                  fill="#146A7C"
                  height={10}
                  width={10}
                  x={30}
                  y={50}
                />
                <rect
                  fill="#146A7C"
                  height={10}
                  width={10}
                  x={30}
                  y={60}
                />
                <rect
                  fill="#C20D90"
                  height={10}
                  width={10}
                  x={30}
                  y={70}
                />
                <rect
                  fill="#92A1C6"
                  height={10}
                  width={10}
                  x={50}
                  y={10}
                />
                <rect
                  fill="#F0AB3D"
                  height={10}
                  width={10}
                  x={50}
                  y={20}
                />
                <rect
                  fill="#C271B4"
                  height={10}
                  width={10}
                  x={50}
                  y={30}
                />
                <rect
                  fill="#C271B4"
                  height={10}
                  width={10}
                  x={50}
                  y={40}
                />
                <rect
                  fill="#C20D90"
                  height={10}
                  width={10}
                  x={50}
                  y={50}
                />
                <rect
                  fill="#C271B4"
                  height={10}
                  width={10}
                  x={50}
                  y={60}
                />
                <rect
                  fill="#146A7C"
                  height={10}
                  width={10}
                  x={50}
                  y={70}
                />
                <rect
                  fill="#C271B4"
                  height={10}
                  width={10}
                  x={70}
                  y={10}
                />
                <rect
                  fill="#92A1C6"
                  height={10}
                  width={10}
                  x={70}
                  y={20}
                />
                <rect
                  fill="#C20D90"
                  height={10}
                  width={10}
                  x={70}
                  y={30}
                />
                <rect
                  fill="#F0AB3D"
                  height={10}
                  width={10}
                  x={70}
                  y={40}
                />
                <rect
                  fill="#146A7C"
                  height={10}
                  width={10}
                  x={70}
                  y={50}
                />
                <rect
                  fill="#92A1C6"
                  height={10}
                  width={10}
                  x={70}
                  y={60}
                />
                <rect
                  fill="#F0AB3D"
                  height={10}
                  width={10}
                  x={70}
                  y={70}
                />
              </g>
            </svg>
          </div>
          <p
            className="text-[13px] font-semibold truncate capitalize"
          >
            Binance Smart Chain
          </p>
        </div>
      </a>
      <a
        rel="noopener noreferrer"
        target="_blank"
      >
        <div
          className="flex rounded-[50px] bg-medium_grey p-1 pr-3 items-center h-8 max-w-[150px] undefined"
          id="token-atlas-chain-card"
        >
          <div
            className="w-[24px] h-[24px] object-fill rounded-full mr-2 overflow-hidden"
          >
            <svg
              className="rounded-md"
              data-testid="random-avatar"
              fill="none"
              role="img"
              viewBox="0 0 80 80"
              xmlns="http://www.w3.org/2000/svg"
            >
              <mask
                height={80}
                id=":r2:"
                maskUnits="userSpaceOnUse"
                width={80}
                x={0}
                y={0}
              >
                <rect
                  fill="#FFFFFF"
                  height={80}
                  width={80}
                />
              </mask>
              <g
                mask="url(#:r2:)"
              >
                <path
                  d="M0 0h80v40H0z"
                  fill="url(#gradient_paint0_linear_RandomAvatar)"
                />
                <path
                  d="M0 40h80v40H0z"
                  fill="url(#gradient_paint1_linear_RandomAvatar)"
                />
              </g>
              <defs>
                <linearGradient
                  gradientUnits="userSpaceOnUse"
                  id="gradient_paint0_linear_RandomAvatar"
                  x1={40}
                  x2={40}
                  y1={0}
                  y2={40}
                >
                  <stop
                    stopColor="#C20D90"
                  />
                  <stop
                    offset={1}
                    stopColor="#92A1C6"
                  />
                </linearGradient>
                <linearGradient
                  gradientUnits="userSpaceOnUse"
                  id="gradient_paint1_linear_RandomAvatar"
                  x1={40}
                  x2={40}
                  y1={40}
                  y2={80}
                >
                  <stop
                    stopColor="#146A7C"
                  />
                  <stop
                    offset={1}
                    stopColor="#F0AB3D"
                  />
                </linearGradient>
              </defs>
            </svg>
          </div>
          <p
            className="text-[13px] font-semibold truncate capitalize"
          >
            Polygon
          </p>
        </div>
      </a>
      <div
        className="flex rounded-full bg-medium_grey p-2 items-center h-8 cursor-pointer"
        onClick={[Function]}
      >
        <p
          className="text-[13px] font-semibold undefined"
        >
          + 
          5
        </p>
      </div>
    </div>
  </div>
  <div
    className="flex flex-col gap-2"
    id="token-atlas-info-column-price-change-cards"
  >
    <p
      className="text-[13px] font-semibold undefined"
    >
      Price changes
    </p>
    <div
      className="flex flex-wrap gap-2"
    >
      <div
        className="flex flex-col bg-medium_grey rounded p-2 gap-1 w-[125px]"
        id="token-atlas-price-card"
      >
        <p
          className="text-[9px] font-semibold text-light_grey"
        >
          1H
        </p>
        <p
          className="text-[13px] font-semibold undefined"
        >
          0.1
          %
        </p>
      </div>
      <div
        className="flex flex-col bg-medium_grey rounded p-2 gap-1 w-[125px]"
        id="token-atlas-price-card"
      >
        <p
          className="text-[9px] font-semibold text-light_grey"
        >
          24H
        </p>
        <p
          className="text-[13px] font-semibold undefined"
        >
          0.44
          %
        </p>
      </div>
      <div
        className="flex flex-col bg-medium_grey rounded p-2 gap-1 w-[125px]"
        id="token-atlas-price-card"
      >
        <p
          className="text-[9px] font-semibold text-light_grey"
        >
          7D
        </p>
        <p
          className="text-[13px] font-semibold undefined"
        >
          1.8
          %
        </p>
      </div>
      <div
        className="flex flex-col bg-medium_grey rounded p-2 gap-1 w-[125px]"
        id="token-atlas-price-card"
      >
        <p
          className="text-[9px] font-semibold text-light_grey"
        >
          1M
        </p>
        <p
          className="text-[13px] font-semibold undefined"
        >
          3.3999999
          %
        </p>
      </div>
      <div
        className="flex flex-col bg-medium_grey rounded p-2 gap-1 w-[125px]"
        id="token-atlas-price-card"
      >
        <p
          className="text-[9px] font-semibold text-light_grey"
        >
          1Y
        </p>
        <p
          className="text-[13px] font-semibold undefined"
        >
          6.7
          %
        </p>
      </div>
    </div>
  </div>
  <div
    className="flex flex-col gap-2 mb-20"
    id="token-atlas-info-column-stats"
  >
    <p
      className="text-[13px] font-semibold undefined"
    >
      Stats
    </p>
    <div
      className="flex flex-col rounded px-4 bg-medium_grey"
    >
      <div
        className="flex justify-between border-b border-b-dark_grey py-3"
      >
        <p
          className="text-[13px] font-normal text-light_grey undefined"
        >
          All time high
        </p>
        <p
          className="text-[13px] font-semibold undefined"
        >
          146
        </p>
      </div>
      <div
        className="flex justify-between border-b border-b-dark_grey py-3"
      >
        <p
          className="text-[13px] font-normal text-light_grey undefined"
        >
          All time low
        </p>
        <p
          className="text-[13px] font-semibold undefined"
        >
          96
        </p>
      </div>
      <div
        className="flex justify-between border-b border-b-dark_grey py-3"
      >
        <p
          className="text-[13px] font-normal text-light_grey undefined"
        >
          Total supply
        </p>
        <p
          className="text-[13px] font-semibold undefined"
        >
          300
        </p>
      </div>
      <div
        className="flex justify-between border-b border-b-dark_grey py-3"
      >
        <p
          className="text-[13px] font-normal text-light_grey undefined"
        >
          Circulating supply
        </p>
        <p
          className="text-[13px] font-semibold undefined"
        >
          170
        </p>
      </div>
      <div
        className="flex justify-between border-b border-b-dark_grey py-3"
      >
        <p
          className="text-[13px] font-normal text-light_grey undefined"
        >
          Diluted market cap
        </p>
        <p
          className="text-[13px] font-semibold undefined"
        >
          100
        </p>
      </div>
    </div>
  </div>
</div>
`;
