// Vitest Snapshot v1, https://vitest.dev/guide/snapshot.html

exports[`<AssetsList /> > renders correctly and matches snapshot 1`] = `
<div
  className="flex flex-col gap-4 w-full mt-8"
  id="deposit-app-assets-list"
>
  <p
    className="text-sm text-left"
  >
    Select the asset you want to move
  </p>
  <div
    className="flex mb-4 w-full"
  >
    <button
      className="px-4 py-2 w-full border-b-2 border-purple_medium font-bold"
      onClick={[Function]}
      type="button"
    >
      Tokens
    </button>
    <button
      className="px-4 py-2 w-full border-b border-gray-400"
      onClick={[Function]}
      type="button"
    >
      NFTs
    </button>
  </div>
  <div />
  <div
    className="flex flex-col w-fit self-center bg-purple_medium hover:bg-purple_light rounded-xl px-6 py-4 cursor-pointer"
    onClick={[Function]}
  >
    <p
      className="text-lg text-white text-center"
    >
      Add token or NFT
    </p>
  </div>
  <p
    className="text-sm text-white mt-4"
  />
</div>
`;

exports[`<AssetsList /> renders correctly and matches snapshot 1`] = `
<div
  className="flex flex-col gap-4 w-full mt-8"
  id="deposit-app-assets-list"
>
  <p
    className="text-sm text-left"
  >
    Select the asset you want to move
  </p>
  <div
    className="flex mb-4 w-full"
  >
    <button
      className="px-4 py-2 w-full border-b-2 border-purple_medium font-bold"
      onClick={[Function]}
      type="button"
    >
      Tokens
    </button>
    <button
      className="px-4 py-2 w-full border-b border-gray-400"
      onClick={[Function]}
      type="button"
    >
      NFTs
    </button>
  </div>
  <div />
  <div
    className="flex flex-col w-fit self-center bg-purple_medium hover:bg-purple_light rounded-xl px-6 py-4 cursor-pointer"
    onClick={[Function]}
  >
    <p
      className="text-lg text-white text-center"
    >
      Add token or NFT
    </p>
  </div>
  <p
    className="text-sm text-white mt-4"
  />
</div>
`;
