// Jest Snapshot v1, https://goo.gl/fbAQLP

exports[`<LeaderboardTabsButton /> renders correctly and matches snapshot 1`] = `
<div
  className="flex w-full bg-container_grey rounded-2xl p-4 gap-4 mb-5"
  id="leaderboard-button-tabs"
>
  <button
    className="p-3 w-full bg-purple_medium rounded-md"
    onClick={[Function]}
    type="button"
  >
    <p
      className="text-base font-medium text-white"
    >
      Weekly
    </p>
  </button>
  <button
    className="p-3 w-full hover:bg-medium_grey hover:rounded-md"
    onClick={[Function]}
    type="button"
  >
    <p
      className="text-base font-medium text-white"
    >
      All time
    </p>
  </button>
</div>
`;
