// Vitest Snapshot v1, https://vitest.dev/guide/snapshot.html

exports[`<UserInfo /> > renders correctly and matches snapshot 1`] = `
<div
  className="flex desktop:gap-3.5 tablet:gap-3.5 mobile:gap-1.5 items-center"
  data-testid="leaderboard-user-data"
  id="leaderboard-user-data"
>
  <div
    className="flex items-center desktop:gap-2.5 tablet:gap-2.5 mobile:gap-1.5"
  >
    <div
      className="relative group desktop:w-[45px] tablet:w-[45px] mobile:w-[35px] flex-shrink-0"
    >
      <p
        className="text-base font-medium truncate text-white overflow-hidden mobile:text-sm w-full"
      >
        #
        1
      </p>
      <span
        className="absolute left-1/2 top-full mt-1 w-max max-w-xs -translate-x-1/2 scale-0 group-hover:scale-100 transition text-white text-xs z-10"
      >
        #
        1
      </span>
    </div>
    <div
      className="desktop:flex tablet:flex mobile:hidden w-[9px]"
    >
      <svg
        color="#FF366C"
        data-testid="leaderboard-rank-down"
        fill="none"
        height={9}
        stroke="currentColor"
        strokeLinecap="round"
        strokeLinejoin="round"
        strokeWidth="2"
        style={
          {
            "color": "#FF366C",
          }
        }
        viewBox="0 0 24 24"
        width={9}
        xmlns="http://www.w3.org/2000/svg"
      >
        <path
          d="M0 0h24v24H0z"
          fill="none"
          stroke="none"
        />
        <path
          d="M20.118 3h-16.225a2.914 2.914 0 0 0 -2.503 4.371l8.116 13.549a2.917 2.917 0 0 0 4.987 .005l8.11 -13.539a2.914 2.914 0 0 0 -2.486 -4.386z"
          fill="currentColor"
          strokeWidth="0"
        />
      </svg>
    </div>
    <div
      className="flex-shrink-0 desktop:w-[50px] desktop:h-[50px] tablet:w-[50px] tablet:h-[50px] mobile:w-[40px] mobile:h-[40px] object-fill rounded overflow-hidden"
    >
      <div
        data-testid="mock-avatar"
      >
        Avatar
      </div>
    </div>
  </div>
  <div
    className="flex flex-col w-[60%]"
  >
    <p
      className="text-base font-medium text-white"
    />
    <div
      className="flex items-center desktop:w-[200px] tablet:w-[200px] mobile:w-[120px] xxs:w-[100px] justify-between gap-2"
    >
      <p
        className="text-sm font-medium font-normal text-white"
      />
      <div
        className="flex-shrink-0 w-[16px] h-[16px] flex items-center justify-center"
      >
        <div
          className="cursor-pointer"
          onClick={[Function]}
        >
          <img
            alt="copy-address"
            className="w-[13px] h-[15px]"
            src="/src/apps/pillarx-app/images/token-market-data-copy.png"
          />
        </div>
      </div>
    </div>
  </div>
</div>
`;
