// Jest Snapshot v1, https://goo.gl/fbAQLP

exports[`<EditorialTile /> renders correctly and matches snapshot 1`] = `
<div
  className="flex bg-container_grey rounded-3xl flex-col desktop:p-10 desktop:pt-[30px] tablet:p-5 mobile:p-0 mobile:bg-[#1F1D23]"
  id="editorial-tile"
>
  <a
    onClick={[Function]}
    rel="noreferrer"
    target="_blank"
  >
    <div
      className="flex mobile:flex-col bg-medium_grey rounded-2xl p-2 gap-4"
    >
      <div
        className="flex items-center justify-center overflow-hidden desktop:basis-2/5 tablet:basis-2/5 mobile:basis-full mobile:w-full"
      >
        <img
          alt="media-display"
          className="rounded-lg object-cover object-center desktop:h-full tablet:h-full mobile:w-full"
          data-testid="editorial-tile-image"
          onError={[Function]}
          src="https://example.com/media-image.png"
        />
      </div>
      <div
        className="flex flex-col justify-between w-full desktop:basis-3/5 tablet:basis-3/5 mobile:basis-full desktop:px-4 tablet:px-4 mobile:px-0"
      >
        <div
          className="flex flex-col gap-2 desktop:mt-14 tablet:mt-8 mobile:mt-0"
        >
          <div
            className="flex relative rounded py-1 px-2 w-fit mr-2"
            id="editorial-tag"
          >
            <div
              className="absolute inset-0 rounded opacity-10"
              style={
                {
                  "backgroundColor": "blue",
                  "zIndex": 5,
                }
              }
            />
            <div
              className="flex relative items-center gap-1"
              style={
                {
                  "zIndex": 10,
                }
              }
            >
              <p
                className="text-xs"
                style={
                  {
                    "color": "blue",
                  }
                }
              >
                Tag1
              </p>
            </div>
          </div>
          <div
            className="flex relative rounded py-1 px-2 w-fit mr-2"
            id="editorial-tag"
          >
            <div
              className="absolute inset-0 rounded opacity-10"
              style={
                {
                  "backgroundColor": "green",
                  "zIndex": 5,
                }
              }
            />
            <div
              className="flex relative items-center gap-1"
              style={
                {
                  "zIndex": 10,
                }
              }
            >
              <p
                className="text-xs"
                style={
                  {
                    "color": "green",
                  }
                }
              >
                Tag2
              </p>
            </div>
          </div>
          <h1
            className="text-[20px] desktop:text-[32px]"
          >
            Editorial title
          </h1>
          <p
            className="text-base font-medium text-purple_light tablet:hidden mobile:hidden"
          >
            Editorial summary
          </p>
        </div>
        <div
          className="mb-[18px] mt-4 flex justify-between"
        >
          <div
            className="flex gap-2 items-center cursor-pointer"
            onClick={[Function]}
          >
            <img
              alt="display-icon"
              className="h-5"
              src="https://example.com/youtube.png"
            />
            <p
              className="text-sm font-medium text-purple_light"
            >
              Youtube
            </p>
          </div>
          <p
            className="text-sm font-medium text-purple_light"
          >
            1 October 2021
          </p>
        </div>
      </div>
    </div>
  </a>
</div>
`;
