// Vitest Snapshot v1, https://vitest.dev/guide/snapshot.html

exports[`<SearchAssets /> > renders correctly and matches snapshot 1`] = `
<div
  className="mb-4"
>
  <div
    className="relative"
  >
    <input
      className="w-full px-4 py-3 pl-12 pr-12 bg-white/5 border border-white/10 rounded-xl text-white placeholder-white/40 focus:outline-none focus:border-purple_medium transition-colors"
      onChange={[Function]}
      placeholder="Search by token name, symbol, or chain..."
      type="text"
      value=""
    />
    <svg
      className="absolute left-4 top-1/2 -translate-y-1/2 w-5 h-5 text-white/40 pointer-events-none"
      fill="none"
      stroke="currentColor"
      viewBox="0 0 24 24"
    >
      <path
        d="M21 21l-6-6m2-5a7 7 0 11-14 0 7 7 0 0114 0z"
        strokeLinecap="round"
        strokeLinejoin="round"
        strokeWidth={2}
      />
    </svg>
  </div>
</div>
`;
