// Jest Snapshot v1, https://goo.gl/fbAQLP

exports[`<TokensSearchResult /> renders correctly and matches snapshot 1`] = `
<div
  className="flex flex-col w-full"
>
  <p
    className="text-[13px] font-semibold text-white_light_grey mb-4"
  >
    Search tokens
  </p>
  <div
    className="flex flex-col gap-4 max-h-[250px] overflow-auto"
  >
    <div
      className="flex w-full bg-medium_grey rounded-lg p-4 justify-between items-center cursor-pointer"
      data-testid="token-result-card"
      onClick={[Function]}
    >
      <div
        className="flex items-center"
      >
        <img
          className="w-[30px] h-[30px] object-fill rounded-full mr-2"
          src="logo1.png"
        />
        <div
          className="flex flex-col mr-2"
        >
          <p
            className="text-[13px] font-semibold text-base capitalize"
          >
            Token1
          </p>
          <p
            className="text-[13px] font-semibold text-white_grey"
          >
            TK1
          </p>
        </div>
      </div>
      <p
        className="text-[13px] font-semibold text-base font-medium capitalize"
      >
        On 
        1
      </p>
    </div>
    <div
      className="flex w-full bg-medium_grey rounded-lg p-4 justify-between items-center cursor-pointer"
      data-testid="token-result-card"
      onClick={[Function]}
    >
      <div
        className="flex items-center"
      >
        <img
          className="w-[30px] h-[30px] object-fill rounded-full mr-2"
          src="logo2.png"
        />
        <div
          className="flex flex-col mr-2"
        >
          <p
            className="text-[13px] font-semibold text-base capitalize"
          >
            Token2
          </p>
          <p
            className="text-[13px] font-semibold text-white_grey"
          >
            TK2
          </p>
        </div>
      </div>
      <p
        className="text-[13px] font-semibold text-base font-medium capitalize"
      >
        On 
        2
      </p>
    </div>
  </div>
</div>
`;
