// Vitest Snapshot v1, https://vitest.dev/guide/snapshot.html

exports[`<Sell /> > renders correctly and matches snapshot 1`] = `
<div>
  <div
    class="flex flex-col w-full"
    data-testid="pulse-sell-component"
  >
    <div
      class="bg-[#121116] m-2.5 rounded-[10px]"
    >
      <div
        class="flex items-center p-3"
      >
        <button
          class="flex-shrink-0"
          data-testid="pulse-sell-token-selector"
          type="button"
        >
          <div
            class="flex items-center mobile:w-32 xs:w-28 desktop:w-36 h-9 bg-[#1E1D24] rounded-md"
            data-testid="pulse-sell-token-selected-1-Test Token"
          >
            <div
              class="relative inline-block"
            >
              <img
                alt="Main"
                class="w-6 h-6 ml-1 mr-1 rounded-full"
                data-testid="pulse-sell-token-selector-logo"
                src="test-logo.png"
              />
              <img
                alt="Chain Logo"
                class="absolute w-2.5 h-2.5 bottom-[-2px] right-[2px] rounded-full"
                data-testid="pulse-sell-token-selector-chain-logo"
                src="/src/assets/images/logo-ethereum.png"
              />
            </div>
            <div
              class="flex flex-col mt-2.5 h-10 w-[91px]"
            >
              <div
                class="flex"
              >
                <p
                  class="desktop:text-sm mobile:text-xs xs:text-xs font-normal"
                  data-testid="pulse-sell-token-selector-symbol"
                >
                  TEST
                </p>
              </div>
              <div
                class="flex"
              >
                <p
                  class="text-[10px] font-normal text-white h-[10px] opacity-50"
                  data-testid="pulse-sell-token-selector-price"
                >
                  $
                  100
                </p>
              </div>
            </div>
            <div
              class="flex ml-1.5"
              data-testid="pulse-sell-token-selector-arrow"
            >
              <img
                alt="arrow-down"
                class="w-2 h-1"
                src="data:image/svg+xml,%3csvg%20width='10'%20height='6'%20viewBox='0%200%2010%206'%20fill='none'%20xmlns='http://www.w3.org/2000/svg'%3e%3cpath%20opacity='0.5'%20d='M1%201L4.64645%204.64645C4.84171%204.84171%205.15829%204.84171%205.35355%204.64645L9%201'%20stroke='white'%20stroke-width='1.25'%20stroke-linecap='round'%20stroke-linejoin='round'/%3e%3c/svg%3e"
              />
            </div>
          </div>
        </button>
        <div
          class="flex flex-1 max-w-60 desktop:w-60 tablet:w-60 mobile:w-56 xs:w-auto items-right ml-auto"
        >
          <div
            class="flex items-center flex-1 desktop:w-60 tablet:w-60 mobile:w-56 xs:w-auto text-right justify-end bg-transparent outline-none pr-0 h-9"
          >
            <input
              class="no-spinner flex mobile:text-4xl xs:text-4xl desktop:text-4xl tablet:text-4xl font-medium text-right flex-1 desktop:w-40 tablet:w-40 mobile:w-32 xs:w-full"
              data-testid="pulse-sell-amount-input"
              placeholder="0.00"
              type="text"
              value=""
            />
            <div
              class="relative flex-shrink-0 max-w-[80px]"
            >
              <p
                class="text-[#FFFFFF4D] flex ml-1 mobile:text-4xl xs:text-4xl desktop:text-4xl tablet:text-4xl overflow-hidden font-medium whitespace-nowrap cursor-help max-w-full text-clip"
                data-testid="pulse-sell-token-symbol"
              >
                TES
              </p>
            </div>
          </div>
        </div>
      </div>
      <div
        class="flex justify-between items-center p-3"
      >
        <div
          class="flex"
        />
        <div
          class="flex items-center"
        >
          <img
            alt="TEST"
            class="w-2.5 h-2.5 rounded-full"
            data-testid="pulse-sell-token-logo"
            src="test-logo.png"
          />
          <div
            class="text-[#8A77FF] ml-1 text-xs items-center"
            data-testid="pulse-sell-token-balance"
          >
            <span
              class="flex items-center justify-end gap-1"
            >
              <p
                class="text-white"
              >
                100.5
              </p>
               TEST
              ($
              10050.00
              )
            </span>
          </div>
        </div>
      </div>
    </div>
    <div
      class="flex w-full"
      data-testid="pulse-sell-percentage-buttons"
    >
      <div
        class="flex bg-black ml-2.5 mr-2.5 w-[75px] h-[30px] rounded-[10px] p-0.5 pb-1 pt-0.5"
      >
        <button
          class="flex-1 items-center justify-center rounded-[10px] bg-[#121116] text-white cursor-pointer"
          data-testid="pulse-sell-percentage-button-10%"
          type="button"
        >
          <span
            class="font-normal text-center opacity-50 text-sm"
          >
            10%
          </span>
        </button>
      </div>
      <div
        class="flex bg-black ml-2.5 mr-2.5 w-[75px] h-[30px] rounded-[10px] p-0.5 pb-1 pt-0.5"
      >
        <button
          class="flex-1 items-center justify-center rounded-[10px] bg-[#121116] text-white cursor-pointer"
          data-testid="pulse-sell-percentage-button-25%"
          type="button"
        >
          <span
            class="font-normal text-center opacity-50 text-sm"
          >
            25%
          </span>
        </button>
      </div>
      <div
        class="flex bg-black ml-2.5 mr-2.5 w-[75px] h-[30px] rounded-[10px] p-0.5 pb-1 pt-0.5"
      >
        <button
          class="flex-1 items-center justify-center rounded-[10px] bg-[#121116] text-white cursor-pointer"
          data-testid="pulse-sell-percentage-button-50%"
          type="button"
        >
          <span
            class="font-normal text-center opacity-50 text-sm"
          >
            50%
          </span>
        </button>
      </div>
      <div
        class="flex bg-black ml-2.5 mr-2.5 w-[75px] h-[30px] rounded-[10px] p-0.5 pb-1 pt-0.5"
      >
        <button
          class="flex-1 items-center justify-center rounded-[10px] bg-[#121116] text-white cursor-pointer"
          data-testid="pulse-sell-percentage-button-75%"
          type="button"
        >
          <span
            class="font-normal text-center opacity-50 text-sm"
          >
            75%
          </span>
        </button>
      </div>
      <div
        class="flex bg-black ml-2.5 mr-2.5 w-[75px] h-[30px] rounded-[10px] p-0.5 pb-1 pt-0.5"
      >
        <button
          class="flex-1 items-center justify-center rounded-[10px] bg-[#121116] text-white cursor-pointer"
          data-testid="pulse-sell-percentage-button-max"
          type="button"
        >
          <span
            class="font-normal text-center opacity-50 text-sm"
          >
            MAX
          </span>
        </button>
      </div>
    </div>
    <div
      class="flex w-auto h-[50px] rounded-[10px] bg-black p-[2px_2px_6px_2px] m-2.5"
      data-testid="pulse-sell-button-container"
    >
      <button
        class="flex-1 items-center justify-center font-medium text-base"
        data-testid="pulse-sell-button"
        disabled=""
        style="background-color: rgb(41, 41, 47); color: grey; border-radius: 8px;"
        type="button"
      >
        Sell TEST
      </button>
    </div>
  </div>
</div>
`;
