// Vitest Snapshot v1, https://vitest.dev/guide/snapshot.html

exports[`<SellButton /> > renders correctly and matches snapshot 1`] = `
<button
  className="flex-1 items-center justify-center font-medium text-base"
  data-testid="pulse-sell-button"
  disabled={false}
  onClick={[Function]}
  style={
    {
      "backgroundColor": "#8A77FF",
      "borderRadius": 8,
      "color": "#FFFFFF",
    }
  }
  type="button"
>
  <span>
    <div
      className="flex items-center justify-center gap-1 text-base"
    >
      <span>
        Sell
      </span>
      <p
        className="text-white text-base"
      >
        10
      </p>
      <span>
        TEST
      </span>
      <span>
        for
      </span>
      <p
        className="text-white text-base"
      >
        50
      </p>
      <span>
        USDC
      </span>
    </div>
  </span>
</button>
`;
