// Vitest Snapshot v1, https://vitest.dev/guide/snapshot.html

exports[`<SellButton /> > renders correctly and matches snapshot 1`] = `
<button
  className="flex-1 items-center justify-center"
  data-testid="pulse-sell-button"
  disabled={false}
  onClick={[Function]}
  style={
    {
      "backgroundColor": "#8A77FF",
      "borderRadius": 8,
      "color": "#FFFFFF",
    }
  }
  type="button"
>
  <span
    style={
      {
        "font-family": "Poppins",
        "font-size": "13px",
        "font-style": "Medium",
        "font-weight": 500,
        "leading-trim": "NONE",
        "letter-spacing": "-2%",
        "line-height": "100%",
        "text-align": "center",
      }
    }
  >
    <div
      className="flex items-center justify-center gap-1"
    >
      <span>
        Sell
      </span>
      <p
        className="text-white"
      >
        10
      </p>
      <span>
        TEST
      </span>
      <span>
        for
      </span>
      <p
        className="text-white"
      >
        50
      </p>
      <span>
        USDC
      </span>
    </div>
  </span>
</button>
`;
