// Jest Snapshot v1, https://goo.gl/fbAQLP

exports[`<TokensVerticalTile /> displays loading skeleton when data is loading 1`] = `
.c0 {
  height: 24px;
  width: 120px;
  animation: hLhBjP 1s linear infinite alternate;
  border-radius: 10px;
  margin-bottom: 20px;
}

.c1 {
  height: 50px;
  width: 100%;
  animation: hLhBjP 1s linear infinite alternate;
  border-radius: 10px;
  margin-bottom: 20px;
}

<div
  className="flex bg-container_grey rounded-2xl px-10 pt-[30px] pb-5 tablet:p-5 mobile:p-0 mobile:bg-[#1F1D23] mobile:flex-col"
>
  <div
    className="flex flex-col flex-1 mr-5 mobile:m-0"
  >
    <div
      className="c0"
    />
    <div
      className="flex flex-col"
    >
      <div
        className="c1"
      />
      <div
        className="c1"
      />
      <div
        className="c1"
      />
    </div>
  </div>
  <div
    className="flex flex-col flex-1 ml-5 mobile:m-0"
  >
    <div
      className="c0"
    />
    <div
      className="flex flex-col"
    >
      <div
        className="c1"
      />
      <div
        className="c1"
      />
      <div
        className="c1"
      />
    </div>
  </div>
</div>
`;

exports[`<TokensVerticalTile /> renders correctly and matches snapshot 1`] = `
<div
  className="flex bg-container_grey rounded-2xl px-10 pt-[30px] pb-5 tablet:p-5 mobile:p-0 mobile:bg-[#1F1D23] mobile:flex-col"
>
  <div
    className="flex flex-col flex-1 mobile:p-0 mobile:border-0 pr-10 border-r-[3px] border-[#1F1D23]"
  >
    <p
      className="text-base font-medium text-purple_light"
    >
      Top climbers
    </p>
    <div
      className="flex flex-col"
    >
      <div
        className="flex w-full justify-between py-5 border-b border-[#1F1D23] mobile:border-[#27262F]"
      >
        <div
          className="flex items-center"
        >
          <p
            className="text-sm font-medium text-purple_light mr-[18px]"
          >
            0
            1
          </p>
          <img
            className="w-[50px] h-[50px] object-fill rounded mr-3.5"
            src="logo-unknown.png"
          />
          <div
            className="flex flex-col"
          >
            <p
              className="text-base font-medium undefined"
            >
              TKA
            </p>
            <p
              className="text-sm font-medium text-purple_light"
            >
              Token A
            </p>
          </div>
        </div>
        <div
          className="flex flex-col items-center"
        />
      </div>
      <div
        className="flex w-full justify-between py-5 border-b border-[#1F1D23] mobile:border-[#27262F]"
      >
        <div
          className="flex items-center"
        >
          <p
            className="text-sm font-medium text-purple_light mr-[18px]"
          >
            0
            2
          </p>
          <img
            className="w-[50px] h-[50px] object-fill rounded mr-3.5"
            src="logo-unknown.png"
          />
          <div
            className="flex flex-col"
          >
            <p
              className="text-base font-medium undefined"
            >
              TKB
            </p>
            <p
              className="text-sm font-medium text-purple_light"
            >
              Token B
            </p>
          </div>
        </div>
        <div
          className="flex flex-col items-center"
        />
      </div>
    </div>
  </div>
  <div
    className="flex flex-col flex-1 mobile:p-0 mobile:border-0 pl-10"
  >
    <p
      className="text-base font-medium text-purple_light"
    >
      Top losers
    </p>
    <div
      className="flex flex-col"
    >
      <div
        className="flex w-full justify-between py-5 border-b border-[#1F1D23] mobile:border-[#27262F]"
      >
        <div
          className="flex items-center"
        >
          <p
            className="text-sm font-medium text-purple_light mr-[18px]"
          >
            0
            1
          </p>
          <img
            className="w-[50px] h-[50px] object-fill rounded mr-3.5"
            src="logo-unknown.png"
          />
          <div
            className="flex flex-col"
          >
            <p
              className="text-base font-medium undefined"
            >
              TKA
            </p>
            <p
              className="text-sm font-medium text-purple_light"
            >
              Token A
            </p>
          </div>
        </div>
        <div
          className="flex flex-col items-center"
        />
      </div>
      <div
        className="flex w-full justify-between py-5 border-b border-[#1F1D23] mobile:border-[#27262F]"
      >
        <div
          className="flex items-center"
        >
          <p
            className="text-sm font-medium text-purple_light mr-[18px]"
          >
            0
            2
          </p>
          <img
            className="w-[50px] h-[50px] object-fill rounded mr-3.5"
            src="logo-unknown.png"
          />
          <div
            className="flex flex-col"
          >
            <p
              className="text-base font-medium undefined"
            >
              TKB
            </p>
            <p
              className="text-sm font-medium text-purple_light"
            >
              Token B
            </p>
          </div>
        </div>
        <div
          className="flex flex-col items-center"
        />
      </div>
    </div>
  </div>
</div>
`;

exports[`<TokensVerticalTile /> renders correctly with empty data array 1`] = `
<div
  className="flex bg-container_grey rounded-2xl px-10 pt-[30px] pb-5 tablet:p-5 mobile:p-0 mobile:bg-[#1F1D23] mobile:flex-col"
>
  <div
    className="flex flex-col flex-1 mobile:p-0 mobile:border-0 pr-10 border-r-[3px] border-[#1F1D23]"
  >
    <div
      className="flex flex-col"
    />
  </div>
  <div
    className="flex flex-col flex-1 mobile:p-0 mobile:border-0 pl-10"
  >
    <div
      className="flex flex-col"
    />
  </div>
</div>
`;
