// Vitest Snapshot v1, https://vitest.dev/guide/snapshot.html

exports[`<SelectToken /> > renders correctly and matches snapshot 1`] = `
<div
  className="flex justify-between items-start mb-4"
  id="select-token-info-exchange"
  onClick={[Function]}
>
  <div
    className="flex w-full flex-col"
  >
    <p
      className="text-base font-medium text-black_grey capitalize line-clamp-2 text-ellipsis break-all"
    >
      Ether
    </p>
    <p
      className="text-base font-medium text-black_grey font-normal capitalize"
    >
      On Ethereum
    </p>
  </div>
  <div
    className="flex min-w-fit items-end"
  >
    <div
      className="w-5 h-5 relative rounded-full grayscale"
    >
      <img
        alt="token-logo"
        className="w-full h-full object-fill rounded-full"
        onError={[Function]}
        src="iconEth.png"
      />
    </div>
    <div
      className="w-3 h-3 rounded-full border border-white relative right-[7px] hidden"
    >
      <img
        alt="chain-logo"
        className="w-full h-full object-fill rounded-full grayscale hidden"
      />
    </div>
  </div>
</div>
`;
